// Jest Snapshot v1, https://goo.gl/fbAQLP

exports[`The UserProfile component matches the snapshot 1`] = `
<div>
  <div
    class="sc-jSMfEi dITViw pg-grid-container name-display"
  >
    <div
      class="sc-gKXOVf sc-iBkjds kvZYtW cysSRj pg-grid-row"
    >
      Full Name
    </div>
    <div
      class="sc-gKXOVf sc-iBkjds kvZYtW cysSRj pg-grid-row"
    >
      a@a.a
    </div>
  </div>
</div>
`;
