// Jest Snapshot v1, https://goo.gl/fbAQLP

exports[`The Form Renders a basic test schema with a submit button 1`] = `
<div>
  <form
    class="rjsf"
  >
    <div
      class="jsx-3435786090"
    >
      <div
        class="sc-jRQBWg cDwDrH pg-grid-container"
        cols="10"
      >
        <div
          class="sc-gKclnd sc-iCfMLu YZhSi fQKovI pg-grid-row"
        >
          <div
            class="sc-furwcr sc-pVTFL XpgcI eqAbko pg-grid-col"
            width="100"
          >
            <fieldset
              class="jsx-4178779636"
            >
              <legend
                class="jsx-4178779636"
              />
              <div
                class="jsx-3435786090"
              >
                <div
                  class="sc-crHmcD bKATQK pg-input"
                >
                  <label
                    class="sc-egiyK ewKLoj pg-input-label"
                    for="root_test_number"
                  >
                    Test Number (optional)
                  </label>
                  <input
                    aria-label="Test Number (optional)"
                    class="sc-bqiRlB hrAFNs pg-input-input"
                    id="root_test_number"
                    name="root_test_number-input"
                    placeholder=""
                    value=""
                  />
                </div>
              </div>
              <div
                class="jsx-3435786090"
              >
                <div
                  class="sc-crHmcD bKATQK pg-input"
                >
                  <label
                    class="sc-egiyK ewKLoj pg-input-label"
                    for="root_test_string"
                  >
                    Test Script (optional)
                  </label>
                  <input
                    aria-label="Test Script (optional)"
                    class="sc-bqiRlB hrAFNs pg-input-input"
                    id="root_test_string"
                    name="root_test_string-input"
                    placeholder=""
                    value=""
                  />
                </div>
              </div>
            </fieldset>
          </div>
        </div>
      </div>
    </div>
  </form>
</div>
`;
