// Jest Snapshot v1, https://goo.gl/fbAQLP

exports[`The Form Renders a basic test schema with a submit button 1`] = `
<div>
  <form
    class="rjsf"
  >
    <div
      class="jsx-3883368021"
    >
      <div
        class="sc-jRQBWg cDwDrH pg-grid-container"
        cols="10"
      >
        <div
          class="sc-gKclnd sc-iCfMLu YZhSi fQKovI pg-grid-row"
        >
          <div
            class="sc-furwcr sc-pVTFL XpgcI eqAbko pg-grid-col"
            width="100"
          >
            <fieldset
              class="jsx-4178779636"
            >
              <div
                class="jsx-3883368021"
              >
                <label
                  for="root_test_number"
                >
                  Test Number (optional)
                </label>
                <div
                  class="sc-crHmcD bKATQK pg-input"
                >
                  <input
                    aria-label="Test Number"
                    class="sc-bqiRlB hrAFNs pg-input-input"
                    id="root_test_number"
                    name="root_test_number-input"
                    placeholder=""
                    value=""
                  />
                </div>
                <div
                  class="jsx-3883368021 error-div"
                />
              </div>
              <div
                class="jsx-3883368021"
              >
                <label
                  for="root_test_string"
                >
                  Test Script (optional)
                </label>
                <div
                  class="sc-crHmcD bKATQK pg-input"
                >
                  <input
                    aria-label="Test Script"
                    class="sc-bqiRlB hrAFNs pg-input-input"
                    id="root_test_string"
                    name="root_test_string-input"
                    placeholder=""
                    value=""
                  />
                </div>
                <div
                  class="jsx-3883368021 error-div"
                />
              </div>
            </fieldset>
          </div>
        </div>
      </div>
      <div
        class="jsx-3883368021 error-div"
      />
    </div>
  </form>
</div>
`;
