// Jest Snapshot v1, https://goo.gl/fbAQLP

exports[`The Form Renders a basic test schema with a submit button 1`] = `
<div>
  <form
    class="rjsf"
  >
    <fieldset
      class="sc-dkPtRN bfJYwN pg-fieldset"
      id="root"
    >
      <div
        class="sc-hBUSln jEYZxL pg-input"
      >
        <label
          class="sc-fotOHu bhxnix pg-input-label"
          for="root_test_number"
        >
          Test Number
        </label>
        <input
          aria-label="Test Number"
          class="sc-fFeiMQ jSxRsG pg-input-input"
          id="root_test_number"
          name="root_test_number-input"
          placeholder=""
          value=""
        />
      </div>
      <div
        class="sc-hBUSln jEYZxL pg-input"
      >
        <label
          class="sc-fotOHu bhxnix pg-input-label"
          for="root_test_string"
        >
          Test Script
        </label>
        <input
          aria-label="Test Script"
          class="sc-fFeiMQ jSxRsG pg-input-input"
          id="root_test_string"
          name="root_test_string-input"
          placeholder=""
          value=""
        />
      </div>
    </fieldset>
  </form>
</div>
`;
