// Jest Snapshot v1, https://goo.gl/fbAQLP

exports[`The FormBase component renders a test schema 1`] = `
<div>
  <form
    class="rjsf"
    novalidate=""
  >
    <div
      class="jsx-2194225068"
    >
      <div
        class="sc-jRQBWg cDwDrH pg-grid-container"
        cols="10"
      >
        <div
          class="sc-gKclnd sc-iCfMLu YZhSi fQKovI pg-grid-row"
        >
          <div
            class="sc-furwcr sc-pVTFL XpgcI eqAbko pg-grid-col"
            width="100"
          >
            <fieldset
              class="jsx-4178779636"
            >
              <div
                class="jsx-2194225068"
              >
                <div
                  class="sc-crHmcD bKATQK pg-input"
                >
                  <label
                    class="sc-egiyK ewKLoj pg-input-label"
                    for="root_field"
                  >
                    field
                  </label>
                  <input
                    aria-label="field"
                    class="sc-bqiRlB hrAFNs pg-input-input"
                    id="root_field"
                    name="root_field-input"
                    placeholder=""
                    required=""
                    value="test"
                  />
                </div>
                <div
                  class="jsx-2194225068 error-div"
                >
                  <div
                    class="jsx-2194225068"
                  >
                     
                  </div>
                </div>
              </div>
            </fieldset>
          </div>
        </div>
      </div>
      <div
        class="jsx-2194225068 error-div"
      >
        <div
          class="jsx-2194225068"
        >
           
        </div>
      </div>
    </div>
  </form>
</div>
`;
