// Jest Snapshot v1, https://goo.gl/fbAQLP

exports[`The Project Milestone Report Form Summary renders the tooltips for the mock summary 1`] = `
<div>
  <h3>
    Project Milestone Reports
  </h3>
  <div
    class="jsx-1509299673 reportContainer"
  >
    <header
      class="jsx-1509299673"
    >
      <h4
        class="jsx-1509299673"
      >
        Milestone Report 
        1
      </h4>
    </header>
    <dl
      class="jsx-337939564 "
      novalidate=""
    >
      <div
        class="jsx-2146271977"
      >
        <div
          class="jsx-2146271977 definition-container"
        >
          <div>
            <div
              class="jsx-2146271977"
            >
              <div
                class="jsx-2146271977 definition-container"
              >
                <dt
                  class="jsx-156197991"
                >
                  Milestone Description 
                </dt>
                <dd
                  class="jsx-41823073"
                >
                  <em
                    class="jsx-41823073"
                  >
                    Not added
                  </em>
                </dd>
                <dd
                  class="jsx-41823073 contentSuffix"
                />
              </div>
            </div>
            <div
              class="jsx-2146271977"
            >
              <div
                class="jsx-2146271977 definition-container"
              >
                <dt
                  class="jsx-156197991"
                >
                  Milestone Type 
                </dt>
                <dd
                  class="jsx-41823073"
                >
                  General Milestone
                </dd>
                <dd
                  class="jsx-41823073 contentSuffix"
                />
              </div>
            </div>
            <div
              class="jsx-2146271977"
            >
              <div
                class="jsx-2146271977 definition-container"
              >
                <input
                  id="root_hasExpenses"
                  type="hidden"
                  value="true"
                />
              </div>
            </div>
            <div
              class="jsx-2146271977"
            >
              <div
                class="jsx-2146271977 definition-container"
              >
                <dt
                  class="jsx-156197991"
                >
                  Maximum Amount This Milestone 
                  <span
                    aria-label="maximum-amount-this-milestone-tooltip"
                    class="tooltip jsx-2050293192"
                    data-mui-internal-clone-element="true"
                    role="tooltip"
                    tabindex="0"
                  >
                    <svg
                      aria-hidden="true"
                      class="svg-inline--fa fa-info-circle fa-w-16 "
                      color="#1A5A96"
                      data-icon="info-circle"
                      data-prefix="fas"
                      focusable="false"
                      name="tooltip"
                      role="img"
                      viewBox="0 0 512 512"
                      xmlns="http://www.w3.org/2000/svg"
                    >
                      <path
                        d="M256 8C119.043 8 8 119.083 8 256c0 136.997 111.043 248 248 248s248-111.003 248-248C504 119.083 392.957 8 256 8zm0 110c23.196 0 42 18.804 42 42s-18.804 42-42 42-42-18.804-42-42 18.804-42 42-42zm56 254c0 6.627-5.373 12-12 12h-88c-6.627 0-12-5.373-12-12v-24c0-6.627 5.373-12 12-12h12v-64h-12c-6.627 0-12-5.373-12-12v-24c0-6.627 5.373-12 12-12h64c6.627 0 12 5.373 12 12v100h12c6.627 0 12 5.373 12 12v24z"
                        fill="currentColor"
                      />
                    </svg>
                  </span>
                </dt>
                <dd
                  class="jsx-2240123068"
                >
                  <span
                    class="decimal"
                    id="root_maximumAmount"
                  >
                    $23.00
                  </span>
                  <span
                    class="jsx-2240123068 contentSuffix"
                  />
                </dd>
              </div>
            </div>
            <div
              class="jsx-2146271977"
            >
              <div
                class="jsx-2146271977 definition-container"
              >
                <dt
                  class="jsx-156197991"
                >
                  Substantial Completion Date 
                </dt>
                <dd
                  class="jsx-41823073"
                >
                  <em
                    class="jsx-41823073"
                  >
                    Not added
                  </em>
                </dd>
                <dd
                  class="jsx-41823073 contentSuffix"
                />
              </div>
            </div>
            <div
              class="jsx-2146271977"
            >
              <div
                class="jsx-2146271977 definition-container"
              >
                <dt
                  class="jsx-156197991"
                >
                  Report Due Date 
                </dt>
                <dd
                  class="jsx-41823073"
                >
                  <em
                    class="jsx-41823073"
                  >
                    Not added
                  </em>
                </dd>
                <dd
                  class="jsx-41823073 contentSuffix"
                />
              </div>
            </div>
            <div
              class="jsx-2146271977"
            >
              <div
                class="jsx-2146271977 definition-container"
              >
                <dt
                  class="jsx-156197991"
                >
                  Certifier (optional) 
                </dt>
                <dd
                  class="jsx-41823073"
                >
                  <em
                    class="jsx-41823073"
                  >
                    Not added
                  </em>
                </dd>
                <dd
                  class="jsx-41823073 contentSuffix"
                />
              </div>
            </div>
            <div
              class="jsx-2146271977"
            >
              <div
                class="jsx-2146271977 definition-container"
              >
                <dt
                  class="jsx-156197991"
                >
                  Professional Designation (optional) 
                </dt>
                <dd
                  class="jsx-41823073"
                >
                  Professional Engineer
                </dd>
                <dd
                  class="jsx-41823073 contentSuffix"
                />
              </div>
            </div>
            <div
              class="jsx-2146271977"
            >
              <div
                class="jsx-2146271977 definition-container"
              >
                <dt
                  class="jsx-156197991"
                >
                  Report Received Date (optional) 
                </dt>
                <dd
                  class="jsx-41823073"
                >
                  <em
                    class="jsx-41823073"
                  >
                    Not added
                  </em>
                </dd>
                <dd
                  class="jsx-41823073 contentSuffix"
                />
              </div>
            </div>
            <div
              class="jsx-2146271977"
            >
              <div
                class="jsx-2146271977 definition-container"
              >
                <dt
                  class="jsx-156197991"
                >
                  Total Eligible Expenses (optional) 
                  <span
                    aria-label="total-eligible-expenses-tooltip"
                    class="tooltip jsx-2050293192"
                    data-mui-internal-clone-element="true"
                    role="tooltip"
                    tabindex="0"
                  >
                    <svg
                      aria-hidden="true"
                      class="svg-inline--fa fa-info-circle fa-w-16 "
                      color="#1A5A96"
                      data-icon="info-circle"
                      data-prefix="fas"
                      focusable="false"
                      name="tooltip"
                      role="img"
                      viewBox="0 0 512 512"
                      xmlns="http://www.w3.org/2000/svg"
                    >
                      <path
                        d="M256 8C119.043 8 8 119.083 8 256c0 136.997 111.043 248 248 248s248-111.003 248-248C504 119.083 392.957 8 256 8zm0 110c23.196 0 42 18.804 42 42s-18.804 42-42 42-42-18.804-42-42 18.804-42 42-42zm56 254c0 6.627-5.373 12-12 12h-88c-6.627 0-12-5.373-12-12v-24c0-6.627 5.373-12 12-12h12v-64h-12c-6.627 0-12-5.373-12-12v-24c0-6.627 5.373-12 12-12h64c6.627 0 12 5.373 12 12v100h12c6.627 0 12 5.373 12 12v24z"
                        fill="currentColor"
                      />
                    </svg>
                  </span>
                </dt>
                <dd
                  class="jsx-2240123068"
                >
                  <span
                    class="decimal"
                    id="root_totalEligibleExpenses"
                  >
                    $1,000.00
                  </span>
                  <span
                    class="jsx-2240123068 contentSuffix"
                  />
                </dd>
              </div>
            </div>
            <div
              class="jsx-2146271977"
            >
              <div
                class="jsx-2146271977 definition-container"
              >
                <dt
                  class="jsx-156197991"
                >
                  Gross Payment Amount This Milestone
                  <span
                    aria-label="gross-payment-amount-this-milestone-tooltip"
                    class="tooltip jsx-2050293192"
                    data-mui-internal-clone-element="true"
                    role="tooltip"
                    tabindex="0"
                  >
                    <svg
                      aria-hidden="true"
                      class="svg-inline--fa fa-info-circle fa-w-16 "
                      color="#1A5A96"
                      data-icon="info-circle"
                      data-prefix="fas"
                      focusable="false"
                      name="tooltip"
                      role="img"
                      viewBox="0 0 512 512"
                      xmlns="http://www.w3.org/2000/svg"
                    >
                      <path
                        d="M256 8C119.043 8 8 119.083 8 256c0 136.997 111.043 248 248 248s248-111.003 248-248C504 119.083 392.957 8 256 8zm0 110c23.196 0 42 18.804 42 42s-18.804 42-42 42-42-18.804-42-42 18.804-42 42-42zm56 254c0 6.627-5.373 12-12 12h-88c-6.627 0-12-5.373-12-12v-24c0-6.627 5.373-12 12-12h12v-64h-12c-6.627 0-12-5.373-12-12v-24c0-6.627 5.373-12 12-12h64c6.627 0 12 5.373 12 12v100h12c6.627 0 12 5.373 12 12v24z"
                        fill="currentColor"
                      />
                    </svg>
                  </span>
                </dt>
                <div
                  class="jsx-2935470220 readOnlyAdjustableCalculatedValueWidgetWrapper"
                >
                  <span
                    id="root_adjustedGrossAmount"
                  >
                    $123.00
                  </span>
                  <div
                    class="jsx-2935470220 adjustedValue"
                  >
                    <dt
                      class="jsx-2935470220"
                    >
                      Gross Payment Amount This Milestone
                       (Adjusted)
                    </dt>
                    <dd
                      class="jsx-2935470220"
                    >
                      <span
                        id="root_adjustedGrossAmount_adjusted"
                      >
                        $1,000.00
                      </span>
                    </dd>
                  </div>
                </div>
              </div>
            </div>
            <div
              class="jsx-2146271977"
            >
              <div
                class="jsx-2146271977 definition-container"
              >
                <dt
                  class="jsx-156197991"
                >
                  Net Payment Amount This Milestone
                  <span
                    aria-label="net-payment-amount-this-milestone-tooltip"
                    class="tooltip jsx-2050293192"
                    data-mui-internal-clone-element="true"
                    role="tooltip"
                    tabindex="0"
                  >
                    <svg
                      aria-hidden="true"
                      class="svg-inline--fa fa-info-circle fa-w-16 "
                      color="#1A5A96"
                      data-icon="info-circle"
                      data-prefix="fas"
                      focusable="false"
                      name="tooltip"
                      role="img"
                      viewBox="0 0 512 512"
                      xmlns="http://www.w3.org/2000/svg"
                    >
                      <path
                        d="M256 8C119.043 8 8 119.083 8 256c0 136.997 111.043 248 248 248s248-111.003 248-248C504 119.083 392.957 8 256 8zm0 110c23.196 0 42 18.804 42 42s-18.804 42-42 42-42-18.804-42-42 18.804-42 42-42zm56 254c0 6.627-5.373 12-12 12h-88c-6.627 0-12-5.373-12-12v-24c0-6.627 5.373-12 12-12h12v-64h-12c-6.627 0-12-5.373-12-12v-24c0-6.627 5.373-12 12-12h64c6.627 0 12 5.373 12 12v100h12c6.627 0 12 5.373 12 12v24z"
                        fill="currentColor"
                      />
                    </svg>
                  </span>
                </dt>
                <div
                  class="jsx-2935470220 readOnlyAdjustableCalculatedValueWidgetWrapper"
                >
                  <span
                    id="root_adjustedNetAmount"
                  >
                    $789.00
                  </span>
                  <div
                    class="jsx-2935470220 adjustedValue"
                  >
                    <dt
                      class="jsx-2935470220"
                    >
                      Net Payment Amount This Milestone
                       (Adjusted)
                    </dt>
                    <em
                      class="jsx-2935470220"
                    >
                      Not added
                    </em>
                  </div>
                </div>
              </div>
            </div>
            <div
              class="jsx-2146271977"
            >
              <div
                class="jsx-2146271977 definition-container"
              >
                <dt
                  class="jsx-156197991"
                >
                  Holdback Amount This Milestone
                  <span
                    aria-label="holdback-amount-this-milestone-tooltip"
                    class="tooltip jsx-2050293192"
                    data-mui-internal-clone-element="true"
                    role="tooltip"
                    tabindex="0"
                  >
                    <svg
                      aria-hidden="true"
                      class="svg-inline--fa fa-info-circle fa-w-16 "
                      color="#1A5A96"
                      data-icon="info-circle"
                      data-prefix="fas"
                      focusable="false"
                      name="tooltip"
                      role="img"
                      viewBox="0 0 512 512"
                      xmlns="http://www.w3.org/2000/svg"
                    >
                      <path
                        d="M256 8C119.043 8 8 119.083 8 256c0 136.997 111.043 248 248 248s248-111.003 248-248C504 119.083 392.957 8 256 8zm0 110c23.196 0 42 18.804 42 42s-18.804 42-42 42-42-18.804-42-42 18.804-42 42-42zm56 254c0 6.627-5.373 12-12 12h-88c-6.627 0-12-5.373-12-12v-24c0-6.627 5.373-12 12-12h12v-64h-12c-6.627 0-12-5.373-12-12v-24c0-6.627 5.373-12 12-12h64c6.627 0 12 5.373 12 12v100h12c6.627 0 12 5.373 12 12v24z"
                        fill="currentColor"
                      />
                    </svg>
                  </span>
                </dt>
                <div
                  class="jsx-2935470220 readOnlyAdjustableCalculatedValueWidgetWrapper"
                >
                  <span
                    id="root_adjustedHoldbackAmount"
                  >
                    $456.00
                  </span>
                  <div
                    class="jsx-2935470220 adjustedValue"
                  >
                    <dt
                      class="jsx-2935470220"
                    >
                      Holdback Amount This Milestone
                       (Adjusted)
                    </dt>
                    <em
                      class="jsx-2935470220"
                    >
                      Not added
                    </em>
                  </div>
                </div>
              </div>
            </div>
            <div
              class="jsx-2146271977"
            >
              <div
                class="jsx-2146271977 definition-container"
              >
                <dt
                  class="jsx-156197991"
                >
                  Date Invoice Sent to CSNR (optional) 
                </dt>
                <dd
                  class="jsx-41823073"
                >
                  <em
                    class="jsx-41823073"
                  >
                    Not added
                  </em>
                </dd>
                <dd
                  class="jsx-41823073 contentSuffix"
                />
              </div>
            </div>
          </div>
        </div>
      </div>
    </dl>
  </div>
</div>
`;
