// Jest Snapshot v1, https://goo.gl/fbAQLP

exports[`The SelectWidget Widget Matches the snapshot with a default value set 1`] = `
<div>
  <label
    class="jsx-3703916905"
    for="funding-stream-dropdown-1"
  >
    Search
  </label>
  <div
    class="sc-eCImPb dfYLVh pg-select"
  >
    <div
      class="sc-gKclnd kMxstE pg-select-wrapper"
    >
      <select
        aria-label="1-select"
        class="sc-iCfMLu gsBcnF pg-select-input"
        id="1"
        name="1-select"
        placeholder="test placeholder"
      >
        <option
          class="jsx-3703916905"
        >
          test placeholder
        </option>
        <option
          class="jsx-3703916905"
          value="1"
        >
          Option 1
        </option>
        <option
          class="jsx-3703916905"
          value="2"
        >
          Option 2
        </option>
      </select>
    </div>
  </div>
</div>
`;

exports[`The SelectWidget Widget Matches the snapshot with no default value set 1`] = `
<div>
  <label
    class="jsx-3703916905"
    for="funding-stream-dropdown-1"
  >
    Search
  </label>
  <div
    class="sc-eCImPb dfYLVh pg-select"
  >
    <div
      class="sc-gKclnd kMxstE pg-select-wrapper"
    >
      <select
        aria-label="1-select"
        class="sc-iCfMLu gsBcnF pg-select-input"
        id="1"
        name="1-select"
        placeholder="test placeholder"
      >
        <option
          class="jsx-3703916905"
        >
          test placeholder
        </option>
        <option
          class="jsx-3703916905"
          value="1"
        >
          Option 1
        </option>
        <option
          class="jsx-3703916905"
          value="2"
        >
          Option 2
        </option>
      </select>
    </div>
  </div>
</div>
`;
