// Jest Snapshot v1, https://goo.gl/fbAQLP

exports[`The Text Widget Matches the snapshot with the value set 1`] = `
<div>
  <div
    class="sc-hKgJUU eYdFwB pg-input"
  >
    
    <input
      aria-label="1-input"
      class="sc-jSgvzq daPEoX pg-input-input"
      id="1"
      name="1-input"
      placeholder="test placeholder"
      value="test"
    />
  </div>
</div>
`;
